/project/xiwenliu/conda/envs/g2_eval/lib/python3.10/site-packages/transformers/tokenization_utils_base.py:1617: FutureWarning: `clean_up_tokenization_spaces` was not set. It will be set to `True` by default. This behavior will be deprecated in transformers v4.45, and will be then set to `False` by default. For more details check this issue: https://github.com/huggingface/transformers/issues/31884
  warnings.warn(
/project/xiwenliu/conda/envs/g2_eval/lib/python3.10/site-packages/nltk/translate/bleu_score.py:577: UserWarning: 
The hypothesis contains 0 counts of 4-gram overlaps.
Therefore the BLEU score evaluates to 0, independently of
how many N-gram overlaps of lower order it contains.
Consider using lower n-gram order or use SmoothingFunction()
  warnings.warn(_msg)
/project/xiwenliu/conda/envs/g2_eval/lib/python3.10/site-packages/nltk/translate/bleu_score.py:577: UserWarning: 
The hypothesis contains 0 counts of 3-gram overlaps.
Therefore the BLEU score evaluates to 0, independently of
how many N-gram overlaps of lower order it contains.
Consider using lower n-gram order or use SmoothingFunction()
  warnings.warn(_msg)
/project/xiwenliu/conda/envs/g2_eval/lib/python3.10/site-packages/nltk/translate/bleu_score.py:577: UserWarning: 
The hypothesis contains 0 counts of 2-gram overlaps.
Therefore the BLEU score evaluates to 0, independently of
how many N-gram overlaps of lower order it contains.
Consider using lower n-gram order or use SmoothingFunction()
  warnings.warn(_msg)
diversity_metrics_config
{'ead_averaged_distinct_ngrams': {'n_min': 1, 'n_max': 5, 'vocab_size': 50257}, 'sent_bert_from_sim': {}}
calculating per-input diversities
Average per-input diversities:
{'mean_per_input_ead_averaged_distinct_ngrams': 0.565015443552292, 'mean_per_input_sent_bert_from_sim': 0.11043986723774717}
Std per-input diversities:
{'std_per_input_ead_averaged_distinct_ngrams': 0.13318878631282574, 'std_per_input_sent_bert_from_sim': 0.07953572782079595}
wmt eval: results/wmt/theta0.3_temp1.0/all_answer.jsonl
{'mean_per_input_ead_averaged_distinct_ngrams': 0.565015443552292, 'mean_per_input_sent_bert_from_sim': 0.11043986723774717, 'std_per_input_ead_averaged_distinct_ngrams': 0.13318878631282574, 'std_per_input_sent_bert_from_sim': 0.07953572782079595}
results/wmt/theta0.3_temp1.0/all_answer.jsonl
3003
n: 4
3003
qs avg scores: 33.17%
